Loading contributor list from metadata/github_id_map.json...
  1573 contributors found.
  Resuming: 150 profiles already fetched, 1423 remaining.
  Fetched 200/1573 (blakejakopovic)...
  Fetched 250/1573 (cculianu)...
  Fetched 300/1573 (colindean)...
  Fetched 350/1573 (DanielWeigl)...
  Fetched 400/1573 (Dimitrolito)...
  Fetched 450/1573 (eklitzke)...
  Fetched 500/1573 (FATHI899)...
  Fetched 550/1573 (gfanti)...
  Fetched 600/1573 (happymark01)...
  Fetched 650/1573 (isaacxbt)...
  Fetched 700/1573 (JetJadeja)...
  Fetched 750/1573 (jtimon)...
  Fetched 800/1573 (knst)...
  Fetched 850/1573 (lijhui)...
  Fetched 900/1573 (marcofleon)...
  Fetched 950/1573 (midnightmagic)...
  Fetched 1000/1573 (mxaddict)...
  Fetched 1050/1573 (olalonde)...
  Fetched 1100/1573 (PiRK)...
  Fetched 1150/1573 (radik878)...
  Fetched 1200/1573 (RobinLinus)...
  Fetched 1250/1573 (sarojgithubb)...
  Fetched 1300/1573 (shufps)...
  Fetched 1350/1573 (Stevenans66)...
  Fetched 1400/1573 (theblackmace)...
  Fetched 1450/1573 (tulio150)...
  Fetched 1500/1573 (Vvvy6)...
  Fetched 1550/1573 (YG01110)...

Done. 1423 profiles fetched this run.
Output written to metadata/github_profiles.json

────────────────────────────────────────────────────
  Total entries in output : 1573
  Status ok               : 1480
  Not found (404)         : 93
  Have public email       : 344  (23.2%)
  Have location           : 658  (44.5%)
  Have company            : 405  (27.4%)
────────────────────────────────────────────────────
