Loading contributor list from metadata/single_pr_contributors.json...
  1463 contributors found.
  Resuming: 47 profiles already fetched, 1416 remaining.
  Fetched 97/1463 (annanay25)...
  Fetched 147/1463 (duduta)...
  Fetched 197/1463 (jakubtrnka)...
  Fetched 247/1463 (aeyoll)...
  Fetched 297/1463 (lachlangreenbank)...
  Fetched 347/1463 (witten)...
  Fetched 397/1463 (jamesgmorgan)...
  Fetched 447/1463 (ujok777)...
  Fetched 497/1463 (btccode)...
  Fetched 547/1463 (EntropyMaBoyy)...
  Fetched 597/1463 (monica69marquezserra-hash)...
  Fetched 647/1463 (MidnightLightning)...
  Fetched 697/1463 (witty67)...
  Fetched 747/1463 (JSHan94)...
  Fetched 797/1463 (ianks)...
  Fetched 847/1463 (shinaberryj)...
  Fetched 897/1463 (johnhenry)...
  Fetched 947/1463 (marcAE)...
  Fetched 997/1463 (michaelcourcy)...
  Fetched 1047/1463 (mysticaltech)...
  Fetched 1097/1463 (chfast)...
  Fetched 1147/1463 (WillAyd)...
  Fetched 1197/1463 (tynes)...
  Fetched 1247/1463 (simondlr)...
  Fetched 1297/1463 (kashyap2690)...
  Fetched 1347/1463 (JaimeCaring)...
  Fetched 1397/1463 (floe)...
  Fetched 1447/1463 (miztake)...

Done. 1416 profiles fetched this run.
Output written to metadata/github_profiles.json

────────────────────────────────────────────────────
  Total entries in output : 2989
  Status ok               : 2835
  Not found (404)         : 154
  Have public email       : 779  (27.5%)
  Have location           : 1315  (46.4%)
  Have company            : 786  (27.7%)
────────────────────────────────────────────────────
